<html>
<body>
<pre>
<h1>µVision Build Log</h1>
<h2>Project:</h2>
C:\Keil\Labware\Lab15_SpaceInvadears Single Player2222222\SpaceInvaders.uvproj
Project File Date:  06/04/2018

<h2>Output:</h2>
Build target 'SpaceInvaders'
linking...
Program Size: Code=6712 RO-data=12924 RW-data=104 ZI-data=1848  
".\SpaceInvaders.axf" - 0 Error(s), 0 Warning(s).
Load "C:\\Keil\\Labware\\Lab15_SpaceInvadears Single Player2222222\\SpaceInvaders.axf" 
Connecting: Mode=JTAG, Speed=1000000Hz
Erase Done.
Programming Done.
Verify OK.
Error: Target DLL has been cancelled. Debugger aborted !
r2222222\\SpaceInvaders.axf" 
Connecting: Mode=JTAG, Speed=1000000Hz
Erase Done.
Programming Done.
Verify OK.
